 
 
 
 
 
 
                                  ****
                                *      *
                               *        *
                               *  N A S T R A N
                               *        *
                                *      *
                                  ****
 
 
                             SUN COMPUTER SYSTEMS    
                                SOLARIS VERSION
 
                          SYSTEM RELEASE -  1995 ED.
 
                                DISTRIBUTED BY
 
         COMPUTER SOFTWARE MANAGEMENT AND INFORMATION CENTER (COSMIC)
                 UNIVERSITY OF GEORGIA, ATHENS, GEORGIA 30602
                 PHONE: (706)542-3265      FAX: (706)542-4807
1                                                                           /    95 SUN SOLARIS NASTRAN    / OCT  7, 26 / PAGE     2
                                                                                                                                    
0                                                                                                                                   
                                                                                                         
                                                                                                         
                         INSTALLATION CENTER USER INFORMATION GIVEN IN THIS SECTION                      
                                                                                                         
                                     *********************************************                       
                                     *                                           *                       
                                     *  PLEASE READ THE COMMENT IN DEMO PROBLEM  *                       
                                     *  D01002A ABOUT SYSTEM TIMING CONSTANTS    *                       
                                     *                                           *                       
                                     *********************************************                       
                                                                                                         
                         ===X=    TOP OF PAGE REQUEST IF 'X' IS REPLACED BY '='                          
                                                                                                         
1                                                                           /    95 SUN SOLARIS NASTRAN    / OCT  7, 26 / PAGE     3
                                                                                                                                    
0                                                                                                                                   
0*** USER INFORMATION MESSAGE 225, GINO TIME CONSTANTS ARE BEING COMPUTED
     (SEE NASINFO FILE FOR ELIMINATION OF THESE COMPUTATIONS)
1                                                                           /    95 SUN SOLARIS NASTRAN    / OCT  7, 26 / PAGE     4
                                                                                                                                    
0        N A S T R A N    E X E C U T I V E    C O N T R O L    D E C K    E C H O                                                  
0                                                                                                                                   
                                                                                                                                    
                                                                                                                                    
     $ translated from MSC dialect by nastran95ase                                   
     $ this file is written by the solver; edit the MSC deck, not this               
     ID      HALO,ASE                                                                
     APP     AERO                                                                    
     SOL     10,0                                                                    
     TIME    600                                                                     
     CEND                                                                            
1     flat plate, SOL 145 PK flutter                                        /    95 SUN SOLARIS NASTRAN    / OCT  7, 26 / PAGE     5
                                                                                                                                    
0                                                                                                                                   
0                                        C A S E    C O N T R O L   D E C K   E C H O                                               
                 CARD                                                                                                               
                 COUNT                                                                                                              
                  1      MAXLINES = 99999999                                                             
                  2      TITLE = flat plate, SOL 145 PK flutter                                          
                  3      ECHO = SORT                                                                     
                  4      SPC = 1                                                                         
                  5      METHOD = 1                                                                      
                  6      FMETHOD = 30                                                                    
                  7      DISPLACEMENT = ALL                                                              
                  8      BEGIN BULK                                                                      
 
 
                        (NO. OF UNSORTED BULK DATA CARDS READ =   111, INCLUDING   0 COMMENT CARDS)
0*** USER INFORMATION MESSAGE 207, BULK DATA DECK IS NOT SORTED. NASTRAN WILL RE-ORDER THE INPUT DECK.
1     flat plate, SOL 145 PK flutter                                        /    95 SUN SOLARIS NASTRAN    / OCT  7, 26 / PAGE     6
                                                                                                                                    
0                                                                                                                                   
                                                  S O R T E D   B U L K   D A T A   E C H O
                     CARD                                                                                                           
                     COUNT        ---1--- +++2+++ ---3--- +++4+++ ---5--- +++6+++ ---7--- +++8+++ ---9--- +++10+++                  
                    1-        AERO    0               0.2     1.225   1       0                               
                    2-        CAERO1  1001    1       0       8       4                       1       +0000003
                    3-        +00000030.0     0.0     0.0     0.2     0.0     0.5     0.0     0.2             
                    4-        CQUAD2  1       1       1       2       7       6                               
                    5-        CQUAD2  2       1       2       3       8       7                               
                    6-        CQUAD2  3       1       3       4       9       8                               
                    7-        CQUAD2  4       1       4       5       10      9                               
                    8-        CQUAD2  5       1       6       7       12      11                              
                    9-        CQUAD2  6       1       7       8       13      12                              
                   10-        CQUAD2  7       1       8       9       14      13                              
                   11-        CQUAD2  8       1       9       10      15      14                              
                   12-        CQUAD2  9       1       11      12      17      16                              
                   13-        CQUAD2  10      1       12      13      18      17                              
                   14-        CQUAD2  11      1       13      14      19      18                              
                   15-        CQUAD2  12      1       14      15      20      19                              
                   16-        CQUAD2  13      1       16      17      22      21                              
                   17-        CQUAD2  14      1       17      18      23      22                              
                   18-        CQUAD2  15      1       18      19      24      23                              
                   19-        CQUAD2  16      1       19      20      25      24                              
                   20-        CQUAD2  17      1       21      22      27      26                              
                   21-        CQUAD2  18      1       22      23      28      27                              
                   22-        CQUAD2  19      1       23      24      29      28                              
                   23-        CQUAD2  20      1       24      25      30      29                              
                   24-        CQUAD2  21      1       26      27      32      31                              
                   25-        CQUAD2  22      1       27      28      33      32                              
                   26-        CQUAD2  23      1       28      29      34      33                              
                   27-        CQUAD2  24      1       29      30      35      34                              
                   28-        CQUAD2  25      1       31      32      37      36                              
                   29-        CQUAD2  26      1       32      33      38      37                              
                   30-        CQUAD2  27      1       33      34      39      38                              
                   31-        CQUAD2  28      1       34      35      40      39                              
                   32-        CQUAD2  29      1       36      37      42      41                              
                   33-        CQUAD2  30      1       37      38      43      42                              
                   34-        CQUAD2  31      1       38      39      44      43                              
                   35-        CQUAD2  32      1       39      40      45      44                              
                   36-        EIGR    1       FEER    0.5                     6                       +0000001
                   37-        +0000001MASS                                                                    
                   38-        FLFACT  31      1.0     1.0     1.0     1.0     1.0     1.0     1.0     +000000F
                   39-        +000000F1.0     1.0     1.0     1.0     1.0     1.0     1.0     1.0     +0000010
                   40-        +00000101.0                                                                     
                   41-        FLFACT  32      0.1     0.1     0.1     0.1     0.1     0.1     0.1     +0000012
                   42-        +00000120.1     0.1     0.1     0.1     0.1     0.1     0.1     0.1     +0000013
                   43-        +00000130.1                                                                     
                   44-        FLFACT  33      10.0    20.0    30.0    40.0    50.0    60.0    65.0    +0000015
                   45-        +000001570.0    75.0    80.0    85.0    90.0    95.0    100.0   105.0   +0000016
                   46-        +0000016110.0                                                                   
                   47-        FLUTTER 30      PK      31      32      33      L       3                       
1     flat plate, SOL 145 PK flutter                                        /    95 SUN SOLARIS NASTRAN    / OCT  7, 26 / PAGE     7
                                                                                                                                    
 
                                                                                                                                    
 
                                                  S O R T E D   B U L K   D A T A   E C H O
                     CARD                                                                                                           
                     COUNT        ---1--- +++2+++ ---3--- +++4+++ ---5--- +++6+++ ---7--- +++8+++ ---9--- +++10+++                  
                   48-        GRID    1               0.0     0.0     0.0             126                     
                   49-        GRID    2               0.05    0.0     0.0             126                     
                   50-        GRID    3               0.1     0.0     0.0             126                     
                   51-        GRID    4               0.15    0.0     0.0             126                     
                   52-        GRID    5               0.2     0.0     0.0             126                     
                   53-        GRID    6               0.0     0.0625  0.0             126                     
                   54-        GRID    7               0.05    0.0625  0.0             126                     
                   55-        GRID    8               0.1     0.0625  0.0             126                     
                   56-        GRID    9               0.15    0.0625  0.0             126                     
                   57-        GRID    10              0.2     0.0625  0.0             126                     
                   58-        GRID    11              0.0     0.125   0.0             126                     
                   59-        GRID    12              0.05    0.125   0.0             126                     
                   60-        GRID    13              0.1     0.125   0.0             126                     
                   61-        GRID    14              0.15    0.125   0.0             126                     
                   62-        GRID    15              0.2     0.125   0.0             126                     
                   63-        GRID    16              0.0     0.1875  0.0             126                     
                   64-        GRID    17              0.05    0.1875  0.0             126                     
                   65-        GRID    18              0.1     0.1875  0.0             126                     
                   66-        GRID    19              0.15    0.1875  0.0             126                     
                   67-        GRID    20              0.2     0.1875  0.0             126                     
                   68-        GRID    21              0.0     0.25    0.0             126                     
                   69-        GRID    22              0.05    0.25    0.0             126                     
                   70-        GRID    23              0.1     0.25    0.0             126                     
                   71-        GRID    24              0.15    0.25    0.0             126                     
                   72-        GRID    25              0.2     0.25    0.0             126                     
                   73-        GRID    26              0.0     0.3125  0.0             126                     
                   74-        GRID    27              0.05    0.3125  0.0             126                     
                   75-        GRID    28              0.1     0.3125  0.0             126                     
                   76-        GRID    29              0.15    0.3125  0.0             126                     
                   77-        GRID    30              0.2     0.3125  0.0             126                     
                   78-        GRID    31              0.0     0.375   0.0             126                     
                   79-        GRID    32              0.05    0.375   0.0             126                     
                   80-        GRID    33              0.1     0.375   0.0             126                     
                   81-        GRID    34              0.15    0.375   0.0             126                     
                   82-        GRID    35              0.2     0.375   0.0             126                     
                   83-        GRID    36              0.0     0.4375  0.0             126                     
                   84-        GRID    37              0.05    0.4375  0.0             126                     
                   85-        GRID    38              0.1     0.4375  0.0             126                     
                   86-        GRID    39              0.15    0.4375  0.0             126                     
                   87-        GRID    40              0.2     0.4375  0.0             126                     
                   88-        GRID    41              0.0     0.5     0.0             126                     
                   89-        GRID    42              0.05    0.5     0.0             126                     
                   90-        GRID    43              0.1     0.5     0.0             126                     
                   91-        GRID    44              0.15    0.5     0.0             126                     
                   92-        GRID    45              0.2     0.5     0.0             126                     
                   93-        MAT1    1       7.0E10          0.33    2700.0                                  
                   94-        MAT1    9990    1.0     1.0             0.0                                     
1     flat plate, SOL 145 PK flutter                                        /    95 SUN SOLARIS NASTRAN    / OCT  7, 26 / PAGE     8
                                                                                                                                    
 
                                                                                                                                    
 
                                                  S O R T E D   B U L K   D A T A   E C H O
                     CARD                                                                                                           
                     COUNT        ---1--- +++2+++ ---3--- +++4+++ ---5--- +++6+++ ---7--- +++8+++ ---9--- +++10+++                  
                   95-        MKAERO1 0.1                                                             +000000B
                   96-        +000000B0.001   0.01    0.05    0.1     0.2     0.3     0.5     0.7             
                   97-        MKAERO1 0.1                                                             +000000D
                   98-        +000000D1.0     1.4     2.0     3.0                                             
                   99-        PAERO1  1                                                                       
                  100-        PARAM   LMODES  3                                                               
                  101-        PARAM   PKMATCH 1                                                               
                  102-        PQUAD2  1       1       0.002                                                   
                  103-        PTRIA2  1       1       0.002                                                   
                  104-        SET1    1       1       2       3       4       5       6       7       +0000005
                  105-        +00000058       9       10      11      12      13      14      15      +0000006
                  106-        +000000616      17      18      19      20      21      22      23      +0000007
                  107-        +000000724      25      26      27      28      29      30      31      +0000008
                  108-        +000000832      33      34      35      36      37      38      39      +0000009
                  109-        +000000940      41      42      43      44      45                              
                  110-        SPC1    1       123456  1       2       3       4       5                       
                  111-        SPLINE1 1001    1001    1001    1032    1       0.0                             
                              ENDDATA
0*** USER INFORMATION MESSAGE, THE FOLLOWING PROPERTY IDS ARE PRESENT BUT NOT USED -
 
             1
1     flat plate, SOL 145 PK flutter                                        /    95 SUN SOLARIS NASTRAN    / OCT  7, 26 / PAGE     9
                                                                                                                                    
0                                                                                                                                   
0*** USER INFORMATION MESSAGES FROM RESEQUENCING PROCESSOR - BANDIT     (CRI= 1,  MTH= 3,  MPC= 0,  DEP=-1,  PCH=-1)
 
                               BEFORE RESEQUENCING - - -
                                        BANDWIDTH            7
                                        PROFILE            281
                                        MAX WAVEFRONT        7
                                        AVG WAVEFRONT    6.244
                                        RMS WAVEFRONT    6.396
                                        RMS BANDWIDTH    6.452
 
                               AFTER RESEQUENCING BY GIBBS-POOLE-STOCKMEYER (GPS) ALGORITHM - - -
                                        BANDWIDTH            7
                                        PROFILE            281
                                        MAX WAVEFRONT        7
                                        AVG WAVEFRONT    6.244
                                        RMS WAVEFRONT    6.396
                                        RMS BANDWIDTH    6.452
 
 
                                                     *** BANDIT SUMMARY ***
 
                                                                        BEFORE     AFTER
                                        BANDWIDTH (B)                        7         7
                                        PROFILE (P)                        281       281
                                        MAXIMUM WAVEFRONT (C-MAX)            7         7
                                        AVERAGE WAVEFRONT (C-AVG)        6.244     6.244
                                        RMS WAVEFRONT (C-RMS)            6.396     6.396
                                        RMS BANDWITCH (B-RMS)            6.452     6.452
                                        NUMBER OF GRID POINTS (N)                     45
                                        NUMBER OF ELEMENTS (NON-RIGID)                32
                                        NUMBER OF RIGID ELEMENTS PROCESSED*            0
                                        NUMBER OF MPC  EQUATIONS PROCESSED*            0
                                        NUMBER OF COMPONENTS                           1
                                        MAXIMUM NODAL DEGREE                           8
                                        MINIMUM NODAL DEGREE                           3
                                        NUMBER OF UNIQUE EDGES                       140
                                        MATRIX DENSITY, PERCENT                   16.049
                                        NUMBER OF POINTS OF ZERO DEGREE                0
                                        BANDIT OPEN CORE                        ********
                                        CRITERION*                         RMS WAVEFRONT
                                        METHOD USED*                                 GPS
 
                               (* THESE DEFAULT OPTIONS CAN BE OVERRIDDEN BY THE NASTRAN CARD)
 
 
                               BANDIT FINDS GRID POINT RE-SEQUENCING NOT NECESSARY
0         **NO ERRORS FOUND - EXECUTE NASTRAN PROGRAM**
0*** USER INFORMATION MESSAGE 238, TURN DIAG 38 ON FOR ADDITIONAL ELEMENT PROCESSING INFORMATION
 
0*** USER INFORMATION MESSAGE 3113,
     EMG MODULE PROCESSING DOUBLE PRECISION QUAD2    ELEMENTS (ELEMENT TYPE  18) STARTING WITH ID        1
                        0 ROOTS BELOW   9.869604E+00
0*** USER WARNING MESSAGE 2399
     ONLY THE FIRST   13 EIGENSOLUTIONS CLOSEST TO THE SHIFT POINT (F1 OR ZERO) PASS THE FEER ACCURACY TEST FOR EIGENVECTORS.
0*** USER INFORMATION MESSAGE 2392
       16 MORE ACCURATE EIGENSOLUTIONS THAN THE    6 REQUESTED HAVE BEEN FOUND.
     USE DIAG 16 TO DETERMINE ERROR BOUNDS
1     flat plate, SOL 145 PK flutter                                        /    95 SUN SOLARIS NASTRAN    / OCT  7, 26 / PAGE    10
                                                                                                                                    
0                                                                                                                                   
 
 
                              E I G E N V A L U E   A N A L Y S I S   S U M M A R Y         (FEER METHOD)
0
0                                       NUMBER OF EIGENVALUES EXTRACTED  . . . . . .        22
0                                       NUMBER OF STARTING POINTS USED . . . . . . .         1
0                                       NUMBER OF STARTING POINT MOVES . . . . . . .         0
0                                       NUMBER OF TRIANGULAR DECOMPOSITIONS  . . . .         1
0                                       TOTAL NUMBER OF VECTOR ITERATIONS  . . . . .        21
 
0                                       REASON FOR TERMINATION . . . . . . . . . . .         0*
 
0                                       LARGEST OFF-DIAGONAL MODAL MASS TERM . . . .  0.00E+00
0                                                                              . . .         0
                                                  MODE PAIR . . . . . . . . . .
                                                                               . . .         0
0                                       NUMBER OF OFF-DIAGONAL MODAL MASS
                                             TERMS FAILING CRITERION . . . . . . . .         0
 
0                                       (* NORMAL TERMINATION              
                                         SEE NASTRAN U.M. VOL II, SECTION 2.3.3)
1     flat plate, SOL 145 PK flutter                                        /    95 SUN SOLARIS NASTRAN    / OCT  7, 26 / PAGE    11
                                                                                                                                    
0                                                                                                                                   
 
                                              R E A L   E I G E N V A L U E S
                                         (BEFORE AUGMENTATION OF RESIDUAL VECTORS)
   MODE    EXTRACTION      EIGENVALUE            RADIANS             CYCLES            GENERALIZED         GENERALIZED
    NO.       ORDER                                                                       MASS              STIFFNESS
        1         1        1.790952E+03        4.231964E+01        6.735380E+00        1.000000E+00        1.790952E+03             
        2         2        4.319421E+04        2.078322E+02        3.307752E+01        1.000000E+00        4.319421E+04             
        3         3        6.872777E+04        2.621598E+02        4.172403E+01        1.000000E+00        6.872777E+04             
        4         4        4.389962E+05        6.625679E+02        1.054510E+02        1.000000E+00        4.389962E+05             
        5         5        5.441435E+05        7.376608E+02        1.174024E+02        1.000000E+00        5.441435E+05             
        6         6        1.489169E+06        1.220315E+03        1.942191E+02        1.000000E+00        1.489169E+06             
0*** USER INFORMATION MESSAGE 9457 (APD), THE   12 (MACH, K) PAIRS OF THE MKAERO CARDS, SORTED BY MACH THEN K - THE ORDER OF THE AERODYNAMIC MATRIX COLUMNS (QHHL, QHJL, QKHL)
      PAIR        MACH           K
         1     0.100000     0.001000
         2     0.100000     0.010000
         3     0.100000     0.050000
         4     0.100000     0.100000
         5     0.100000     0.200000
         6     0.100000     0.300000
         7     0.100000     0.500000
         8     0.100000     0.700000
         9     0.100000     1.000000
        10     0.100000     1.400000
        11     0.100000     2.000000
        12     0.100000     3.000000
1     flat plate, SOL 145 PK flutter                                        /    95 SUN SOLARIS NASTRAN    / OCT  7, 26 / PAGE    12
                                                                                                                                    
0                                                                                                                                   
0                                                       FLUTTER  SUMMARY
 
       POINT =    1     METHOD = PK    (MATCHED POINTS)
 
 
       KFREQ       1./KFREQ      DENSITY      MACH NO.      VELOCITY       DAMPING      FREQUENCY      COMPLEX EIGENVALUE
     0.4184  2.389938E+00  1.000000E+00  1.000000E-01  1.000000E+01 -6.308120E-02  6.659375E+00 -1.319724E+00  4.184209E+01
     0.2088  4.789221E+00  1.000000E+00  1.000000E-01  2.000000E+01 -1.400648E-01  6.646381E+00 -2.924585E+00  4.176045E+01
     0.1383  7.231923E+00  1.000000E+00  1.000000E-01  3.000000E+01 -2.317920E-01  6.602182E+00 -4.807684E+00  4.148274E+01
     0.1025  9.757394E+00  1.000000E+00  1.000000E-01  4.000000E+01 -3.502495E-01  6.524486E+00 -7.179160E+00  4.099455E+01
     0.0803  1.245210E+01  1.000000E+00  1.000000E-01  5.000000E+01 -5.214975E-01  6.390687E+00 -1.047007E+01  4.015387E+01
     0.0640  1.561785E+01  1.000000E+00  1.000000E-01  6.000000E+01 -8.150207E-01  6.114346E+00 -1.565556E+01  3.841757E+01
     0.0563  1.776536E+01  1.000000E+00  1.000000E-01  6.500000E+01 -1.073076E+00  5.823170E+00 -1.963089E+01  3.658805E+01
     0.0470  2.127426E+01  1.000000E+00  1.000000E-01  7.000000E+01 -1.533053E+00  5.236773E+00 -2.522149E+01  3.290361E+01
     0.0320  3.128991E+01  1.000000E+00  1.000000E-01  7.500000E+01 -2.757452E+00  3.814846E+00 -3.304721E+01  2.396939E+01
     0.0000  3.128991E+01  1.000000E+00  1.000000E-01  8.000000E+01 -8.730299E-02  0.000000E+00 -2.420528E+01  0.000000E+00
     0.0000  3.128991E+01  1.000000E+00  1.000000E-01  8.500000E+01 -4.275951E-02  0.000000E+00 -1.259629E+01  0.000000E+00
     0.0000  3.128991E+01  1.000000E+00  1.000000E-01  9.000000E+01 -1.895247E-02  0.000000E+00 -5.911521E+00  0.000000E+00
     0.0000  3.128991E+01  1.000000E+00  1.000000E-01  9.500000E+01 -2.011450E-03  0.000000E+00 -6.622527E-01  0.000000E+00
     0.0000  3.128991E+01  1.000000E+00  1.000000E-01  1.000000E+02  1.163522E-02  0.000000E+00  4.032417E+00  0.000000E+00
     0.0000  3.128991E+01  1.000000E+00  1.000000E-01  1.050000E+02  2.384057E-02  0.000000E+00  8.675548E+00  0.000000E+00
     0.0000  3.128991E+01  1.000000E+00  1.000000E-01  1.100000E+02  3.633412E-02  0.000000E+00  1.385155E+01  0.000000E+00
1     flat plate, SOL 145 PK flutter                                        /    95 SUN SOLARIS NASTRAN    / OCT  7, 26 / PAGE    13
                                                                                                                                    
0                                                                                                                                   
0                                                       FLUTTER  SUMMARY
 
       POINT =    2     METHOD = PK    (MATCHED POINTS)
 
 
       KFREQ       1./KFREQ      DENSITY      MACH NO.      VELOCITY       DAMPING      FREQUENCY      COMPLEX EIGENVALUE
     2.0627  4.848115E-01  1.000000E+00  1.000000E-01  1.000000E+01 -7.069541E-03  3.282821E+01 -7.291020E-01  2.062657E+02
     1.0156  9.846023E-01  1.000000E+00  1.000000E-01  2.000000E+01 -1.652640E-02  3.232878E+01 -1.678485E+00  2.031277E+02
     0.6584  1.518723E+00  1.000000E+00  1.000000E-01  3.000000E+01 -2.753852E-02  3.143856E+01 -2.719901E+00  1.975343E+02
     0.4727  2.115494E+00  1.000000E+00  1.000000E-01  4.000000E+01 -3.952171E-02  3.009319E+01 -3.736404E+00  1.890811E+02
     0.3543  2.822204E+00  1.000000E+00  1.000000E-01  5.000000E+01 -4.961873E-02  2.819692E+01 -4.395388E+00  1.771665E+02
     0.2682  3.728626E+00  1.000000E+00  1.000000E-01  6.000000E+01 -4.836508E-02  2.561077E+01 -3.891387E+00  1.609172E+02
     0.2321  4.308981E+00  1.000000E+00  1.000000E-01  6.500000E+01 -3.474696E-02  2.400816E+01 -2.620750E+00  1.508477E+02
     0.1992  5.019617E+00  1.000000E+00  1.000000E-01  7.000000E+01 -3.262940E-04  2.219461E+01 -2.275132E-02  1.394529E+02
     0.1696  5.894540E+00  1.000000E+00  1.000000E-01  7.500000E+01  7.289679E-02  2.025030E+01  4.637562E+00  1.272364E+02
     0.1444  6.924446E+00  1.000000E+00  1.000000E-01  8.000000E+01  2.009183E-01  1.838760E+01  1.160632E+01  1.155327E+02
     0.1240  8.061676E+00  1.000000E+00  1.000000E-01  8.500000E+01  3.753690E-01  1.678084E+01  1.978891E+01  1.054371E+02
     0.1074  9.313453E+00  1.000000E+00  1.000000E-01  9.000000E+01  5.766852E-01  1.537984E+01  2.786381E+01  9.663440E+01
     0.0929  1.076290E+01  1.000000E+00  1.000000E-01  9.500000E+01  7.998430E-01  1.404800E+01  3.529955E+01  8.826618E+01
     0.0796  1.256228E+01  1.000000E+00  1.000000E-01  1.000000E+02  1.055329E+00  1.266927E+01  4.200387E+01  7.960340E+01
     0.0666  1.500531E+01  1.000000E+00  1.000000E-01  1.050000E+02  1.370573E+00  1.113690E+01  4.795307E+01  6.997523E+01
     0.0531  1.882721E+01  1.000000E+00  1.000000E-01  1.100000E+02  1.814220E+00  9.298800E+00  5.299888E+01  5.842608E+01
1     flat plate, SOL 145 PK flutter                                        /    95 SUN SOLARIS NASTRAN    / OCT  7, 26 / PAGE    14
                                                                                                                                    
0                                                                                                                                   
0                                                       FLUTTER  SUMMARY
 
       POINT =    3     METHOD = PK    (MATCHED POINTS)
 
 
       KFREQ       1./KFREQ      DENSITY      MACH NO.      VELOCITY       DAMPING      FREQUENCY      COMPLEX EIGENVALUE
     2.5958  3.852363E-01  1.000000E+00  1.000000E-01  1.000000E+01 -5.736467E-03  4.131359E+01 -7.445388E-01  2.595809E+02
     1.2975  7.707173E-01  1.000000E+00  1.000000E-01  2.000000E+01 -1.504871E-02  4.130047E+01 -1.952559E+00  2.594985E+02
     0.8659  1.154917E+00  1.000000E+00  1.000000E-01  3.000000E+01 -2.386855E-02  4.134192E+01 -3.100035E+00  2.597589E+02
     0.6504  1.537578E+00  1.000000E+00  1.000000E-01  4.000000E+01 -3.243477E-02  4.140407E+01 -4.218944E+00  2.601494E+02
     0.5213  1.918327E+00  1.000000E+00  1.000000E-01  5.000000E+01 -4.074381E-02  4.148274E+01 -5.309809E+00  2.606437E+02
     0.4354  2.296742E+00  1.000000E+00  1.000000E-01  6.000000E+01 -4.878201E-02  4.157756E+01 -6.371896E+00  2.612396E+02
     0.4024  2.484931E+00  1.000000E+00  1.000000E-01  6.500000E+01 -5.269745E-02  4.163122E+01 -6.892211E+00  2.615767E+02
     0.3742  2.672362E+00  1.000000E+00  1.000000E-01  7.000000E+01 -5.654559E-02  4.168913E+01 -7.405791E+00  2.619406E+02
     0.3498  2.858978E+00  1.000000E+00  1.000000E-01  7.500000E+01 -6.032926E-02  4.175135E+01 -7.913132E+00  2.623315E+02
     0.3284  3.044724E+00  1.000000E+00  1.000000E-01  8.000000E+01 -6.405168E-02  4.181790E+01 -8.414777E+00  2.627496E+02
     0.3096  3.229546E+00  1.000000E+00  1.000000E-01  8.500000E+01 -6.771608E-02  4.188876E+01 -8.911263E+00  2.631949E+02
     0.2930  3.413393E+00  1.000000E+00  1.000000E-01  9.000000E+01 -7.132550E-02  4.196394E+01 -9.403099E+00  2.636672E+02
     0.2781  3.596216E+00  1.000000E+00  1.000000E-01  9.500000E+01 -7.488225E-02  4.204340E+01 -9.890691E+00  2.641665E+02
     0.2647  3.777968E+00  1.000000E+00  1.000000E-01  1.000000E+02 -7.838806E-02  4.212713E+01 -1.037437E+01  2.646926E+02
     0.2526  3.958602E+00  1.000000E+00  1.000000E-01  1.050000E+02 -8.184454E-02  4.221508E+01 -1.085443E+01  2.652452E+02
     0.2417  4.138076E+00  1.000000E+00  1.000000E-01  1.100000E+02 -8.525313E-02  4.230721E+01 -1.133117E+01  2.658240E+02
 
 
 
 
                                        * * * END OF JOB * * *
1
 JOB TITLE =  flat plate, SOL 145 PK flutter                                     
 DATE: 10/ 7/26
 END TIME: 15:17:17
 TOTAL WALL CLOCK TIME      1 SEC.
 
