





                                  ****
                                *      *
                               *        *
                               *  N A S T R A N
                               *        *
                                *      *
                                  ****


                             SUN COMPUTER SYSTEMS    
                                SOLARIS VERSION

                          SYSTEM RELEASE -  1995 ED.

                                DISTRIBUTED BY

         COMPUTER SOFTWARE MANAGEMENT AND INFORMATION CENTER (COSMIC)
                 UNIVERSITY OF GEORGIA, ATHENS, GEORGIA 30602
                 PHONE: (706)542-3265      FAX: (706)542-4807
1                                                                           /    95 SUN SOLARIS NASTRAN    / OCT  1, 26 / PAGE     2
                                                                                                                                    
0                                                                                                                                   
                                                                                                         
                                                                                                         
                         INSTALLATION CENTER USER INFORMATION GIVEN IN THIS SECTION                      
                                                                                                         
                                     *********************************************                       
                                     *                                           *                       
                                     *  PLEASE READ THE COMMENT IN DEMO PROBLEM  *                       
                                     *  D01002A ABOUT SYSTEM TIMING CONSTANTS    *                       
                                     *                                           *                       
                                     *********************************************                       
                                                                                                         
                         ===X=    TOP OF PAGE REQUEST IF 'X' IS REPLACED BY '='                          
                                                                                                         
1                                                                           /    95 SUN SOLARIS NASTRAN    / OCT  1, 26 / PAGE     3
                                                                                                                                    
0                                                                                                                                   
0*** USER INFORMATION MESSAGE 225, GINO TIME CONSTANTS ARE BEING COMPUTED
     (SEE NASINFO FILE FOR ELIMINATION OF THESE COMPUTATIONS)
1                                                                           /    95 SUN SOLARIS NASTRAN    / OCT  1, 26 / PAGE     4
                                                                                                                                    
0        N A S T R A N    E X E C U T I V E    C O N T R O L    D E C K    E C H O                                                  
0                                                                                                                                   
                                                                                                                                    
                                                                                                                                    
     ID    CANTBAR,MODES                                                             
     APP   DISPLACEMENT                                                              
     SOL   3,0                                                                       
     TIME  2                                                                         
     CEND                                                                            
1     CANTILEVER BAR, NORMAL MODES                                          /    95 SUN SOLARIS NASTRAN    / OCT  1, 26 / PAGE     5
      NASTRAN-95 VS SIMCENTER NASTRAN CROSS-CHECK                                                                                   
0                                                                                                                                   
0                                        C A S E    C O N T R O L   D E C K   E C H O                                               
                 CARD                                                                                                               
                 COUNT                                                                                                              
                  1      TITLE = CANTILEVER BAR, NORMAL MODES                                            
                  2      SUBTITLE = NASTRAN-95 VS SIMCENTER NASTRAN CROSS-CHECK                          
                  3      SPC = 1                                                                         
                  4      METHOD = 10                                                                     
                  5      DISPLACEMENT = ALL                                                              
                  6      BEGIN BULK                                                                      


                        (NO. OF UNSORTED BULK DATA CARDS READ =    46, INCLUDING   0 COMMENT CARDS)
0*** USER INFORMATION MESSAGE 207, BULK DATA DECK IS NOT SORTED. NASTRAN WILL RE-ORDER THE INPUT DECK.
1     CANTILEVER BAR, NORMAL MODES                                          /    95 SUN SOLARIS NASTRAN    / OCT  1, 26 / PAGE     6
      NASTRAN-95 VS SIMCENTER NASTRAN CROSS-CHECK                                                                                   
0                                                                                                                                   
0                                                 S O R T E D   B U L K    D A T A    E C H O                                       
                     CARD                                                                                                           
                     COUNT        ---1--- +++2+++ ---3--- +++4+++ ---5--- +++6+++ ---7--- +++8+++ ---9--- +++10+++                  
                    1-        CBAR    1       1       1       2       0.0     0.0     1.0                     
                    2-        CBAR    2       1       2       3       0.0     0.0     1.0                     
                    3-        CBAR    3       1       3       4       0.0     0.0     1.0                     
                    4-        CBAR    4       1       4       5       0.0     0.0     1.0                     
                    5-        CBAR    5       1       5       6       0.0     0.0     1.0                     
                    6-        CBAR    6       1       6       7       0.0     0.0     1.0                     
                    7-        CBAR    7       1       7       8       0.0     0.0     1.0                     
                    8-        CBAR    8       1       8       9       0.0     0.0     1.0                     
                    9-        CBAR    9       1       9       10      0.0     0.0     1.0                     
                   10-        CBAR    10      1       10      11      0.0     0.0     1.0                     
                   11-        CONM2   102     2               0.0     0.0     0.0     0.0             +CM2    
                   12-        +CM2    4.05-6          2.7-6                   1.35-6                          
                   13-        CONM2   103     3               0.0     0.0     0.0     0.0             +CM3    
                   14-        +CM3    4.05-6          2.7-6                   1.35-6                          
                   15-        CONM2   104     4               0.0     0.0     0.0     0.0             +CM4    
                   16-        +CM4    4.05-6          2.7-6                   1.35-6                          
                   17-        CONM2   105     5               0.0     0.0     0.0     0.0             +CM5    
                   18-        +CM5    4.05-6          2.7-6                   1.35-6                          
                   19-        CONM2   106     6               0.0     0.0     0.0     0.0             +CM6    
                   20-        +CM6    4.05-6          2.7-6                   1.35-6                          
                   21-        CONM2   107     7               0.0     0.0     0.0     0.0             +CM7    
                   22-        +CM7    4.05-6          2.7-6                   1.35-6                          
                   23-        CONM2   108     8               0.0     0.0     0.0     0.0             +CM8    
                   24-        +CM8    4.05-6          2.7-6                   1.35-6                          
                   25-        CONM2   109     9               0.0     0.0     0.0     0.0             +CM9    
                   26-        +CM9    4.05-6          2.7-6                   1.35-6                          
                   27-        CONM2   110     10              0.0     0.0     0.0     0.0             +CM10   
                   28-        +CM10   4.05-6          2.7-6                   1.35-6                          
                   29-        CONM2   111     11              0.05    0.0     0.0     0.0             +CM11   
                   30-        +CM11   4.05-6          2.7-6                   1.35-6                          
                   31-        EIGR    10      GIV                             6                       +EIG1   
                   32-        +EIG1   MAX                                                                     
                   33-        GRID    1               0.000   0.0     0.0                                     
                   34-        GRID    2               0.100   0.0     0.0                                     
                   35-        GRID    3               0.200   0.0     0.0                                     
                   36-        GRID    4               0.300   0.0     0.0                                     
                   37-        GRID    5               0.400   0.0     0.0                                     
                   38-        GRID    6               0.500   0.0     0.0                                     
                   39-        GRID    7               0.600   0.0     0.0                                     
                   40-        GRID    8               0.700   0.0     0.0                                     
                   41-        GRID    9               0.800   0.0     0.0                                     
                   42-        GRID    10              0.900   0.0     0.0                                     
                   43-        GRID    11              1.000   0.0     0.0                                     
                   44-        MAT1    1       70.0+9          0.33    2700.0                                  
                   45-        PBAR    1       1       4.0-4   1.0-8   2.0-8   1.5-8                           
                   46-        SPC1    1       123456  1                                                       
                              ENDDATA
0*** USER INFORMATION MESSAGE -  GRID-POINT RESEQUENCING PROCESSOR BANDIT IS NOT USED DUE TO
     SMALL PROBLEM SIZE
0          **NO ERRORS FOUND - EXECUTE NASTRAN PROGRAM**
0*** USER INFORMATION MESSAGE 238, TURN DIAG 38 ON FOR ADDITIONAL ELEMENT PROCESSING INFORMATION

1     CANTILEVER BAR, NORMAL MODES                                          /    95 SUN SOLARIS NASTRAN    / OCT  1, 26 / PAGE     7
      NASTRAN-95 VS SIMCENTER NASTRAN CROSS-CHECK                                                                                   

                                                                                                                                    




0*** USER INFORMATION MESSAGE 3113,
     EMG MODULE PROCESSING DOUBLE PRECISION BAR      ELEMENTS (ELEMENT TYPE  34) STARTING WITH ID        1
0*** USER INFORMATION MESSAGE 3113,
     EMG MODULE PROCESSING DOUBLE PRECISION CONM2    ELEMENTS (ELEMENT TYPE  30) STARTING WITH ID      102
0*** USER INFORMATION MESSAGE 2016, GIVENS TIME ESTIMATE IS        0 SECONDS.
                                    PROBLEM SIZE IS      60, SPILL WILL OCCUR FOR THIS CORE AT A PROBLEM SIZE OF    1413 .
1     CANTILEVER BAR, NORMAL MODES                                          /    95 SUN SOLARIS NASTRAN    / OCT  1, 26 / PAGE     8
      NASTRAN-95 VS SIMCENTER NASTRAN CROSS-CHECK                                                                                   
0                                                                                                                                   
 
 
                              E I G E N V A L U E   A N A L Y S I S   S U M M A R Y   (GIVENS METHOD)



                                    NUMBER OF EIGENVALUES EXTRACTED . . . . . . .        60

                                    NUMBER OF EIGENVECTORS COMPUTED . . . . . . .         6

                                    NUMBER OF EIGENVALUE CONVERGENCE FAILURES . .         0

                                    NUMBER OF EIGENVECTOR CONVERGENCE FAILURES. .         0


                                    REASON FOR TERMINATION. . . . . . . . . . . .         1*


                                    LARGEST OFF-DIAGONAL MODAL MASS TERM. . . . .  0.00E+00

                                                                            . . .         0
                                              MODE PAIR. . . . . . . . . . .
                                                                            . . .         0

                                    NUMBER OF OFF-DIAG0NAL MODAL MASS
                                         TERMS FAILING CRITERION. . . . . . . . .         0


                                    (* NORMAL TERMINATION)
1     CANTILEVER BAR, NORMAL MODES                                          /    95 SUN SOLARIS NASTRAN    / OCT  1, 26 / PAGE     9
      NASTRAN-95 VS SIMCENTER NASTRAN CROSS-CHECK                                                                                   
0                                                                                                                                   
 
                                              R E A L   E I G E N V A L U E S

   MODE    EXTRACTION       EIGENVALUE            RADIAN              CYCLIC           GENERALIZED         GENERALIZED
    NO.       ORDER                              FREQUENCY           FREQUENCY            MASS              STIFFNESS

        1        30        6.701677E+03        8.186377E+01        1.302902E+01        1.631553E-01        1.093414E+03             
        2        50        1.340407E+04        1.157759E+02        1.842631E+01        1.631498E-01        2.186872E+03             
        3        29        2.647986E+05        5.145858E+02        8.189887E+01        1.357902E-02        3.595706E+03             
        4        49        5.297965E+05        7.278712E+02        1.158443E+02        1.357603E-02        7.192535E+03             
        5        28        2.087086E+06        1.444675E+03        2.299272E+02        5.147085E-03        1.074241E+04             
        6        48        4.177930E+06        2.043998E+03        3.253124E+02        5.144679E-03        2.149411E+04             
        7        27        8.048504E+06        2.836989E+03        4.515207E+02        0.0                 0.0                      
        8        47        1.612359E+07        4.015419E+03        6.390737E+02        0.0                 0.0                      
        9        60        2.177227E+07        4.666076E+03        7.426291E+02        0.0                 0.0                      
       10        26        2.200945E+07        4.691423E+03        7.466632E+02        0.0                 0.0                      
       11        46        4.413145E+07        6.643151E+03        1.057290E+03        0.0                 0.0                      
       12        25        4.875004E+07        6.982123E+03        1.111239E+03        0.0                 0.0                      
       13        10        5.832282E+07        7.636938E+03        1.215456E+03        0.0                 0.0                      
       14        24        9.278433E+07        9.632462E+03        1.533054E+03        0.0                 0.0                      
       15        45        9.783746E+07        9.891282E+03        1.574246E+03        0.0                 0.0                      
       16        23        1.551492E+08        1.245589E+04        1.982416E+03        0.0                 0.0                      
       17        44        1.863167E+08        1.364979E+04        2.172431E+03        0.0                 0.0                      
       18        59        1.930431E+08        1.389400E+04        2.211298E+03        0.0                 0.0                      
       19        22        2.274157E+08        1.508031E+04        2.400105E+03        0.0                 0.0                      
       20        21        2.877020E+08        1.696178E+04        2.699551E+03        0.0                 0.0                      
       21        43        3.114702E+08        1.764852E+04        2.808849E+03        0.0                 0.0                      
       22        42        4.559373E+08        2.135269E+04        3.398386E+03        0.0                 0.0                      
       23         9        5.169670E+08        2.273691E+04        3.618691E+03        0.0                 0.0                      
       24        58        5.203667E+08        2.281155E+04        3.630570E+03        0.0                 0.0                      
       25        41        5.758227E+08        2.399631E+04        3.819131E+03        0.0                 0.0                      
       26        57        9.746588E+08        3.121953E+04        4.968742E+03        0.0                 0.0                      
       27         8        1.392754E+09        3.731962E+04        5.939602E+03        0.0                 0.0                      
       28        56        1.515554E+09        3.893011E+04        6.195919E+03        0.0                 0.0                      
       29        55        2.094990E+09        4.577106E+04        7.284690E+03        0.0                 0.0                      
       30         7        2.606603E+09        5.105490E+04        8.125640E+03        0.0                 0.0                      
       31        54        2.661484E+09        5.158957E+04        8.210734E+03        0.0                 0.0                      
       32        53        3.164697E+09        5.625564E+04        8.953363E+03        0.0                 0.0                      
       33        52        3.559920E+09        5.966506E+04        9.495989E+03        0.0                 0.0                      
       34        51        3.812033E+09        6.174166E+04        9.826490E+03        0.0                 0.0                      
       35         6        4.049288E+09        6.363402E+04        1.012767E+04        0.0                 0.0                      
       36         5        5.591601E+09        7.477701E+04        1.190113E+04        0.0                 0.0                      
       37         4        7.096200E+09        8.423895E+04        1.340704E+04        0.0                 0.0                      
       38        20        7.837116E+09        8.852749E+04        1.408959E+04        0.0                 0.0                      
       39         3        8.429946E+09        9.181473E+04        1.461277E+04        0.0                 0.0                      
       40         2        9.475582E+09        9.734260E+04        1.549256E+04        0.0                 0.0                      
       41         1        1.014171E+10        1.007061E+05        1.602787E+04        0.0                 0.0                      
       42        19        1.100799E+10        1.049190E+05        1.669837E+04        0.0                 0.0                      
       43        18        1.272178E+10        1.127909E+05        1.795123E+04        0.0                 0.0                      
       44        17        1.519683E+10        1.232754E+05        1.961989E+04        0.0                 0.0                      
       45        16        1.815332E+10        1.347343E+05        2.144362E+04        0.0                 0.0                      
       46        15        2.131376E+10        1.459923E+05        2.323540E+04        0.0                 0.0                      
       47        14        2.439645E+10        1.561936E+05        2.485898E+04        0.0                 0.0                      
1     CANTILEVER BAR, NORMAL MODES                                          /    95 SUN SOLARIS NASTRAN    / OCT  1, 26 / PAGE    10
      NASTRAN-95 VS SIMCENTER NASTRAN CROSS-CHECK                                                                                   
0                                                                                                                                   
 
                                              R E A L   E I G E N V A L U E S

   MODE    EXTRACTION       EIGENVALUE            RADIAN              CYCLIC           GENERALIZED         GENERALIZED
    NO.       ORDER                              FREQUENCY           FREQUENCY            MASS              STIFFNESS

       48        13        2.713007E+10        1.647121E+05        2.621474E+04        0.0                 0.0                      
       49        12        2.927460E+10        1.710982E+05        2.723113E+04        0.0                 0.0                      
       50        11        3.064166E+10        1.750476E+05        2.785969E+04        0.0                 0.0                      
       51        40        3.122936E+10        1.767183E+05        2.812559E+04        0.0                 0.0                      
       52        39        4.397872E+10        2.097110E+05        3.337655E+04        0.0                 0.0                      
       53        38        5.074059E+10        2.252567E+05        3.585072E+04        0.0                 0.0                      
       54        37        6.057669E+10        2.461233E+05        3.917174E+04        0.0                 0.0                      
       55        36        7.238571E+10        2.690459E+05        4.281998E+04        0.0                 0.0                      
       56        35        8.505074E+10        2.916346E+05        4.641509E+04        0.0                 0.0                      
       57        34        9.742969E+10        3.121373E+05        4.967820E+04        0.0                 0.0                      
       58        33        1.084211E+11        3.292735E+05        5.240551E+04        0.0                 0.0                      
       59        32        1.170506E+11        3.421266E+05        5.445114E+04        0.0                 0.0                      
       60        31        1.225541E+11        3.500773E+05        5.571654E+04        0.0                 0.0                      
1     CANTILEVER BAR, NORMAL MODES                                          /    95 SUN SOLARIS NASTRAN    / OCT  1, 26 / PAGE    11
      NASTRAN-95 VS SIMCENTER NASTRAN CROSS-CHECK                                                                                   
0                                                                                                                                   
      EIGENVALUE =  0.670168E+04    (CYCLIC FREQUENCY =  1.302902E+01 HZ)

                                         R E A L   E I G E N V E C T O R   N O .          1
 
      POINT ID.   TYPE          T1             T2             T3             R1             R2             R3
             1      G      0.0            0.0            0.0            0.0            0.0            0.0                           
             2      G     -0.0           -0.0           -1.168911E-02  -0.0            2.284151E-01  -0.0                           
             3      G     -0.0           -0.0           -4.461158E-02  -0.0            4.246872E-01  -0.0                           
             4      G     -0.0           -0.0           -9.556479E-02  -0.0            5.891069E-01  -0.0                           
             5      G     -0.0           -0.0           -1.613953E-01  -0.0            7.223983E-01  -0.0                           
             6      G     -0.0           -0.0           -2.390511E-01  -0.0            8.258898E-01  -0.0                           
             7      G     -0.0           -0.0           -3.256489E-01  -0.0            9.016511E-01  -0.0                           
             8      G     -0.0           -0.0           -4.185542E-01  -0.0            9.526017E-01  -0.0                           
             9      G     -0.0           -0.0           -5.154704E-01  -0.0            9.825886E-01  -0.0                           
            10      G     -0.0           -0.0           -6.145341E-01  -0.0            9.964408E-01  -0.0                           
            11      G     -0.0           -0.0           -7.144154E-01  -0.0            1.000000E+00  -0.0                           
1     CANTILEVER BAR, NORMAL MODES                                          /    95 SUN SOLARIS NASTRAN    / OCT  1, 26 / PAGE    12
      NASTRAN-95 VS SIMCENTER NASTRAN CROSS-CHECK                                                                                   
0                                                                                                                                   
      EIGENVALUE =  0.134041E+05    (CYCLIC FREQUENCY =  1.842631E+01 HZ)

                                         R E A L   E I G E N V E C T O R   N O .          2
 
      POINT ID.   TYPE          T1             T2             T3             R1             R2             R3
             1      G      0.0            0.0            0.0            0.0            0.0            0.0                           
             2      G     -0.0            1.168936E-02  -0.0           -0.0           -0.0            2.284197E-01                  
             3      G     -0.0            4.461245E-02  -0.0           -0.0           -0.0            4.246947E-01                  
             4      G     -0.0            9.556650E-02  -0.0           -0.0           -0.0            5.891158E-01                  
             5      G     -0.0            1.613979E-01  -0.0           -0.0           -0.0            7.224074E-01                  
             6      G     -0.0            2.390546E-01  -0.0           -0.0           -0.0            8.258980E-01                  
             7      G     -0.0            3.256532E-01  -0.0           -0.0           -0.0            9.016579E-01                  
             8      G     -0.0            4.185591E-01  -0.0           -0.0           -0.0            9.526064E-01                  
             9      G     -0.0            5.154757E-01  -0.0           -0.0           -0.0            9.825915E-01                  
            10      G     -0.0            6.145395E-01  -0.0           -0.0           -0.0            9.964418E-01                  
            11      G     -0.0            7.144209E-01  -0.0           -0.0           -0.0            1.000000E+00                  
1     CANTILEVER BAR, NORMAL MODES                                          /    95 SUN SOLARIS NASTRAN    / OCT  1, 26 / PAGE    13
      NASTRAN-95 VS SIMCENTER NASTRAN CROSS-CHECK                                                                                   
0                                                                                                                                   
      EIGENVALUE =  0.264799E+06    (CYCLIC FREQUENCY =  8.189887E+01 HZ)

                                         R E A L   E I G E N V E C T O R   N O .          3
 
      POINT ID.   TYPE          T1             T2             T3             R1             R2             R3
             1      G      0.0            0.0            0.0            0.0            0.0            0.0                           
             2      G      0.0            0.0            1.882139E-02   0.0           -3.425472E-01   0.0                           
             3      G      0.0            0.0            6.185973E-02   0.0           -4.856205E-01   0.0                           
             4      G      0.0            0.0            1.098444E-01   0.0           -4.456863E-01   0.0                           
             5      G      0.0            0.0            1.460653E-01   0.0           -2.578232E-01   0.0                           
             6      G      0.0            0.0            1.582208E-01   0.0            2.567420E-02   0.0                           
             7      G      0.0            0.0            1.398155E-01   0.0            3.426194E-01   0.0                           
             8      G      0.0            0.0            9.061304E-02   0.0            6.320991E-01   0.0                           
             9      G      0.0            0.0            1.588230E-02   0.0            8.470136E-01   0.0                           
            10      G      0.0            0.0           -7.557683E-02   0.0            9.655865E-01   0.0                           
            11      G      0.0            0.0           -1.744280E-01   0.0            1.000000E+00   0.0                           
1     CANTILEVER BAR, NORMAL MODES                                          /    95 SUN SOLARIS NASTRAN    / OCT  1, 26 / PAGE    14
      NASTRAN-95 VS SIMCENTER NASTRAN CROSS-CHECK                                                                                   
0                                                                                                                                   
      EIGENVALUE =  0.529796E+06    (CYCLIC FREQUENCY =  1.158443E+02 HZ)

                                         R E A L   E I G E N V E C T O R   N O .          4
 
      POINT ID.   TYPE          T1             T2             T3             R1             R2             R3
             1      G      0.0            0.0            0.0            0.0            0.0            0.0                           
             2      G     -0.0           -1.882425E-02  -0.0           -0.0           -0.0           -3.425937E-01                  
             3      G     -0.0           -6.186783E-02  -0.0           -0.0           -0.0           -4.856687E-01                  
             4      G     -0.0           -1.098564E-01  -0.0           -0.0           -0.0           -4.457069E-01                  
             5      G     -0.0           -1.460774E-01  -0.0           -0.0           -0.0           -2.578025E-01                  
             6      G     -0.0           -1.582289E-01  -0.0           -0.0           -0.0            2.573510E-02                  
             7      G     -0.0           -1.398160E-01  -0.0           -0.0           -0.0            3.427063E-01                  
             8      G     -0.0           -9.060417E-02  -0.0           -0.0           -0.0            6.321893E-01                  
             9      G     -0.0           -1.586493E-02  -0.0           -0.0           -0.0            8.470832E-01                  
            10      G     -0.0            7.559981E-02  -0.0           -0.0           -0.0            9.656197E-01                  
            11      G     -0.0            1.744530E-01  -0.0           -0.0           -0.0            1.000000E+00                  
1     CANTILEVER BAR, NORMAL MODES                                          /    95 SUN SOLARIS NASTRAN    / OCT  1, 26 / PAGE    15
      NASTRAN-95 VS SIMCENTER NASTRAN CROSS-CHECK                                                                                   
0                                                                                                                                   
      EIGENVALUE =  0.208709E+07    (CYCLIC FREQUENCY =  2.299272E+02 HZ)

                                         R E A L   E I G E N V E C T O R   N O .          5
 
      POINT ID.   TYPE          T1             T2             T3             R1             R2             R3
             1      G      0.0            0.0            0.0            0.0            0.0            0.0                           
             2      G     -0.0           -0.0           -2.884332E-02  -0.0            4.804951E-01  -0.0                           
             3      G     -0.0           -0.0           -7.835338E-02  -0.0            4.288144E-01  -0.0                           
             4      G     -0.0           -0.0           -1.026157E-01  -0.0            1.759015E-02  -0.0                           
             5      G     -0.0           -0.0           -7.960967E-02  -0.0           -4.614795E-01  -0.0                           
             6      G     -0.0           -0.0           -1.785696E-02  -0.0           -7.146192E-01  -0.0                           
             7      G     -0.0           -0.0            5.053598E-02  -0.0           -5.847003E-01  -0.0                           
             8      G     -0.0           -0.0            8.806396E-02  -0.0           -1.244421E-01  -0.0                           
             9      G     -0.0           -0.0            7.186209E-02  -0.0            4.426344E-01  -0.0                           
            10      G     -0.0           -0.0            4.580565E-03  -0.0            8.585851E-01  -0.0                           
            11      G     -0.0           -0.0           -9.069221E-02  -0.0            1.000000E+00  -0.0                           
1     CANTILEVER BAR, NORMAL MODES                                          /    95 SUN SOLARIS NASTRAN    / OCT  1, 26 / PAGE    16
      NASTRAN-95 VS SIMCENTER NASTRAN CROSS-CHECK                                                                                   
0                                                                                                                                   
      EIGENVALUE =  0.417793E+07    (CYCLIC FREQUENCY =  3.253124E+02 HZ)

                                         R E A L   E I G E N V E C T O R   N O .          6
 
      POINT ID.   TYPE          T1             T2             T3             R1             R2             R3
             1      G      0.0            0.0            0.0            0.0            0.0            0.0                           
             2      G     -0.0            2.885345E-02  -0.0           -0.0           -0.0            4.806160E-01                  
             3      G     -0.0            7.837284E-02  -0.0           -0.0           -0.0            4.288181E-01                  
             4      G     -0.0            1.026275E-01  -0.0           -0.0           -0.0            1.742074E-02                  
             5      G     -0.0            7.959843E-02  -0.0           -0.0           -0.0           -4.617303E-01                  
             6      G     -0.0            1.782104E-02  -0.0           -0.0           -0.0           -7.147874E-01                  
             7      G     -0.0           -5.058140E-02  -0.0           -0.0           -0.0           -5.846583E-01                  
             8      G     -0.0           -8.809534E-02  -0.0           -0.0           -0.0           -1.241885E-01                  
             9      G     -0.0           -7.186224E-02  -0.0           -0.0           -0.0            4.429612E-01                  
            10      G     -0.0           -4.550052E-03  -0.0           -0.0           -0.0            8.587922E-01                  
            11      G     -0.0            9.073633E-02  -0.0           -0.0           -0.0            1.000000E+00                  




                                        * * * END OF JOB * * *
1
 JOB TITLE =  CANTILEVER BAR, NORMAL MODES                                       
 DATE: 10/ 1/26
 END TIME: 20:15:57
 TOTAL WALL CLOCK TIME      0 SEC.
 
